2025-02-11 16:52:25,582 - INFO - Tabelas criadas com sucesso no banco de dados.
2025-02-11 16:52:25,587 - INFO - Iniciando o processamento para o filme: The Matrix
2025-02-11 16:52:25,588 - INFO - Iniciando o processamento para o filme: Inception
2025-02-11 16:52:25,588 - INFO - Iniciando o processamento para o filme: Interstellar
2025-02-11 16:52:25,588 - INFO - Iniciando o processamento para o filme: Fight Club
2025-02-11 16:52:25,945 - ERROR - Erro ao extrair dados do filme.
Traceback (most recent call last):
  File "c:\Users\User\Desktop\Cases\TesteETLAissa\src\extract.py", line 19, in extrair_dados_filme
    response.raise_for_status()  # Garante que não houve erro HTTP
    ~~~~~~~~~~~~~~~~~~~~~~~~~^^
  File "C:\Users\User\Desktop\Cases\TesteETLAissa\.venv\Lib\site-packages\requests\models.py", line 1021, in raise_for_status
    raise HTTPError(http_error_msg, response=self)
requests.exceptions.HTTPError: 401 Client Error: Unauthorized for url: http://www.omdbapi.com/?t=The+Matrix&apikey=http%3A%2F%2Fwww.omdbapi.com%2F%3Fi%3Dtt3896198%26apikey%3Dcea14569
2025-02-11 16:52:25,947 - ERROR - Erro ao extrair dados do filme.
Traceback (most recent call last):
  File "c:\Users\User\Desktop\Cases\TesteETLAissa\src\extract.py", line 19, in extrair_dados_filme
    response.raise_for_status()  # Garante que não houve erro HTTP
    ~~~~~~~~~~~~~~~~~~~~~~~~~^^
  File "C:\Users\User\Desktop\Cases\TesteETLAissa\.venv\Lib\site-packages\requests\models.py", line 1021, in raise_for_status
    raise HTTPError(http_error_msg, response=self)
requests.exceptions.HTTPError: 401 Client Error: Unauthorized for url: http://www.omdbapi.com/?t=Inception&apikey=http%3A%2F%2Fwww.omdbapi.com%2F%3Fi%3Dtt3896198%26apikey%3Dcea14569
2025-02-11 16:52:25,949 - ERROR - Não foi possível extrair os dados para 'The Matrix'.
2025-02-11 16:52:25,949 - ERROR - Não foi possível extrair os dados para 'Inception'.
2025-02-11 16:52:25,950 - INFO - Iniciando o processamento para o filme: Titanic
2025-02-11 16:52:25,950 - INFO - Iniciando o processamento para o filme: Avatar
2025-02-11 16:52:25,953 - ERROR - Erro ao extrair dados do filme.
Traceback (most recent call last):
  File "c:\Users\User\Desktop\Cases\TesteETLAissa\src\extract.py", line 19, in extrair_dados_filme
    response.raise_for_status()  # Garante que não houve erro HTTP
    ~~~~~~~~~~~~~~~~~~~~~~~~~^^
  File "C:\Users\User\Desktop\Cases\TesteETLAissa\.venv\Lib\site-packages\requests\models.py", line 1021, in raise_for_status
    raise HTTPError(http_error_msg, response=self)
requests.exceptions.HTTPError: 401 Client Error: Unauthorized for url: http://www.omdbapi.com/?t=Fight+Club&apikey=http%3A%2F%2Fwww.omdbapi.com%2F%3Fi%3Dtt3896198%26apikey%3Dcea14569
2025-02-11 16:52:25,954 - ERROR - Não foi possível extrair os dados para 'Fight Club'.
2025-02-11 16:52:25,954 - INFO - Iniciando o processamento para o filme: Gladiator
2025-02-11 16:52:25,954 - ERROR - Erro ao extrair dados do filme.
Traceback (most recent call last):
  File "c:\Users\User\Desktop\Cases\TesteETLAissa\src\extract.py", line 19, in extrair_dados_filme
    response.raise_for_status()  # Garante que não houve erro HTTP
    ~~~~~~~~~~~~~~~~~~~~~~~~~^^
  File "C:\Users\User\Desktop\Cases\TesteETLAissa\.venv\Lib\site-packages\requests\models.py", line 1021, in raise_for_status
    raise HTTPError(http_error_msg, response=self)
requests.exceptions.HTTPError: 401 Client Error: Unauthorized for url: http://www.omdbapi.com/?t=Interstellar&apikey=http%3A%2F%2Fwww.omdbapi.com%2F%3Fi%3Dtt3896198%26apikey%3Dcea14569
2025-02-11 16:52:25,956 - ERROR - Não foi possível extrair os dados para 'Interstellar'.
2025-02-11 16:52:25,956 - INFO - Iniciando o processamento para o filme: The Godfather
2025-02-11 16:52:26,308 - ERROR - Erro ao extrair dados do filme.
Traceback (most recent call last):
  File "c:\Users\User\Desktop\Cases\TesteETLAissa\src\extract.py", line 19, in extrair_dados_filme
    response.raise_for_status()  # Garante que não houve erro HTTP
    ~~~~~~~~~~~~~~~~~~~~~~~~~^^
  File "C:\Users\User\Desktop\Cases\TesteETLAissa\.venv\Lib\site-packages\requests\models.py", line 1021, in raise_for_status
    raise HTTPError(http_error_msg, response=self)
requests.exceptions.HTTPError: 401 Client Error: Unauthorized for url: http://www.omdbapi.com/?t=The+Godfather&apikey=http%3A%2F%2Fwww.omdbapi.com%2F%3Fi%3Dtt3896198%26apikey%3Dcea14569
2025-02-11 16:52:26,309 - ERROR - Erro ao extrair dados do filme.
Traceback (most recent call last):
  File "c:\Users\User\Desktop\Cases\TesteETLAissa\src\extract.py", line 19, in extrair_dados_filme
    response.raise_for_status()  # Garante que não houve erro HTTP
    ~~~~~~~~~~~~~~~~~~~~~~~~~^^
  File "C:\Users\User\Desktop\Cases\TesteETLAissa\.venv\Lib\site-packages\requests\models.py", line 1021, in raise_for_status
    raise HTTPError(http_error_msg, response=self)
requests.exceptions.HTTPError: 401 Client Error: Unauthorized for url: http://www.omdbapi.com/?t=Avatar&apikey=http%3A%2F%2Fwww.omdbapi.com%2F%3Fi%3Dtt3896198%26apikey%3Dcea14569
2025-02-11 16:52:26,311 - ERROR - Erro ao extrair dados do filme.
Traceback (most recent call last):
  File "c:\Users\User\Desktop\Cases\TesteETLAissa\src\extract.py", line 19, in extrair_dados_filme
    response.raise_for_status()  # Garante que não houve erro HTTP
    ~~~~~~~~~~~~~~~~~~~~~~~~~^^
  File "C:\Users\User\Desktop\Cases\TesteETLAissa\.venv\Lib\site-packages\requests\models.py", line 1021, in raise_for_status
    raise HTTPError(http_error_msg, response=self)
requests.exceptions.HTTPError: 401 Client Error: Unauthorized for url: http://www.omdbapi.com/?t=Gladiator&apikey=http%3A%2F%2Fwww.omdbapi.com%2F%3Fi%3Dtt3896198%26apikey%3Dcea14569
2025-02-11 16:52:26,312 - ERROR - Não foi possível extrair os dados para 'The Godfather'.
2025-02-11 16:52:26,312 - ERROR - Não foi possível extrair os dados para 'Avatar'.
2025-02-11 16:52:26,313 - ERROR - Não foi possível extrair os dados para 'Gladiator'.
2025-02-11 16:52:26,313 - INFO - Iniciando o processamento para o filme: Pulp Fiction
2025-02-11 16:52:26,357 - ERROR - Erro ao extrair dados do filme.
Traceback (most recent call last):
  File "c:\Users\User\Desktop\Cases\TesteETLAissa\src\extract.py", line 19, in extrair_dados_filme
    response.raise_for_status()  # Garante que não houve erro HTTP
    ~~~~~~~~~~~~~~~~~~~~~~~~~^^
  File "C:\Users\User\Desktop\Cases\TesteETLAissa\.venv\Lib\site-packages\requests\models.py", line 1021, in raise_for_status
    raise HTTPError(http_error_msg, response=self)
requests.exceptions.HTTPError: 401 Client Error: Unauthorized for url: http://www.omdbapi.com/?t=Titanic&apikey=http%3A%2F%2Fwww.omdbapi.com%2F%3Fi%3Dtt3896198%26apikey%3Dcea14569
2025-02-11 16:52:26,358 - ERROR - Não foi possível extrair os dados para 'Titanic'.
2025-02-11 16:52:26,654 - ERROR - Erro ao extrair dados do filme.
Traceback (most recent call last):
  File "c:\Users\User\Desktop\Cases\TesteETLAissa\src\extract.py", line 19, in extrair_dados_filme
    response.raise_for_status()  # Garante que não houve erro HTTP
    ~~~~~~~~~~~~~~~~~~~~~~~~~^^
  File "C:\Users\User\Desktop\Cases\TesteETLAissa\.venv\Lib\site-packages\requests\models.py", line 1021, in raise_for_status
    raise HTTPError(http_error_msg, response=self)
requests.exceptions.HTTPError: 401 Client Error: Unauthorized for url: http://www.omdbapi.com/?t=Pulp+Fiction&apikey=http%3A%2F%2Fwww.omdbapi.com%2F%3Fi%3Dtt3896198%26apikey%3Dcea14569
2025-02-11 16:52:26,655 - ERROR - Não foi possível extrair os dados para 'Pulp Fiction'.
2025-02-11 16:52:26,656 - INFO - Processo ETL concluído com sucesso.
2025-02-11 16:56:33,834 - INFO - Tabelas criadas com sucesso no banco de dados.
2025-02-11 16:56:33,835 - INFO - Iniciando o processamento para o filme: The Matrix
2025-02-11 16:56:33,836 - INFO - Iniciando o processamento para o filme: Inception
2025-02-11 16:56:33,836 - INFO - Iniciando o processamento para o filme: Interstellar
2025-02-11 16:56:33,837 - INFO - Iniciando o processamento para o filme: Fight Club
2025-02-11 16:56:34,209 - ERROR - Erro ao extrair dados do filme.
Traceback (most recent call last):
  File "c:\Users\User\Desktop\Cases\TesteETLAissa\src\extract.py", line 19, in extrair_dados_filme
    response.raise_for_status()  # Garante que não houve erro HTTP
    ~~~~~~~~~~~~~~~~~~~~~~~~~^^
  File "C:\Users\User\Desktop\Cases\TesteETLAissa\.venv\Lib\site-packages\requests\models.py", line 1021, in raise_for_status
    raise HTTPError(http_error_msg, response=self)
requests.exceptions.HTTPError: 401 Client Error: Unauthorized for url: http://www.omdbapi.com/?t=Inception&apikey=YOUR_API_KEY
2025-02-11 16:56:34,210 - ERROR - Erro ao extrair dados do filme.
Traceback (most recent call last):
  File "c:\Users\User\Desktop\Cases\TesteETLAissa\src\extract.py", line 19, in extrair_dados_filme
    response.raise_for_status()  # Garante que não houve erro HTTP
    ~~~~~~~~~~~~~~~~~~~~~~~~~^^
  File "C:\Users\User\Desktop\Cases\TesteETLAissa\.venv\Lib\site-packages\requests\models.py", line 1021, in raise_for_status
    raise HTTPError(http_error_msg, response=self)
requests.exceptions.HTTPError: 401 Client Error: Unauthorized for url: http://www.omdbapi.com/?t=Fight+Club&apikey=YOUR_API_KEY
2025-02-11 16:56:34,211 - ERROR - Não foi possível extrair os dados para 'Inception'.
2025-02-11 16:56:34,212 - ERROR - Não foi possível extrair os dados para 'Fight Club'.
2025-02-11 16:56:34,212 - INFO - Iniciando o processamento para o filme: Titanic
2025-02-11 16:56:34,212 - INFO - Iniciando o processamento para o filme: Avatar
2025-02-11 16:56:34,218 - ERROR - Erro ao extrair dados do filme.
Traceback (most recent call last):
  File "c:\Users\User\Desktop\Cases\TesteETLAissa\src\extract.py", line 19, in extrair_dados_filme
    response.raise_for_status()  # Garante que não houve erro HTTP
    ~~~~~~~~~~~~~~~~~~~~~~~~~^^
  File "C:\Users\User\Desktop\Cases\TesteETLAissa\.venv\Lib\site-packages\requests\models.py", line 1021, in raise_for_status
    raise HTTPError(http_error_msg, response=self)
requests.exceptions.HTTPError: 401 Client Error: Unauthorized for url: http://www.omdbapi.com/?t=Interstellar&apikey=YOUR_API_KEY
2025-02-11 16:56:34,219 - ERROR - Não foi possível extrair os dados para 'Interstellar'.
2025-02-11 16:56:34,219 - INFO - Iniciando o processamento para o filme: Gladiator
2025-02-11 16:56:34,221 - ERROR - Erro ao extrair dados do filme.
Traceback (most recent call last):
  File "c:\Users\User\Desktop\Cases\TesteETLAissa\src\extract.py", line 19, in extrair_dados_filme
    response.raise_for_status()  # Garante que não houve erro HTTP
    ~~~~~~~~~~~~~~~~~~~~~~~~~^^
  File "C:\Users\User\Desktop\Cases\TesteETLAissa\.venv\Lib\site-packages\requests\models.py", line 1021, in raise_for_status
    raise HTTPError(http_error_msg, response=self)
requests.exceptions.HTTPError: 401 Client Error: Unauthorized for url: http://www.omdbapi.com/?t=The+Matrix&apikey=YOUR_API_KEY
2025-02-11 16:56:34,222 - ERROR - Não foi possível extrair os dados para 'The Matrix'.
2025-02-11 16:56:34,222 - INFO - Iniciando o processamento para o filme: The Godfather
2025-02-11 16:56:34,563 - ERROR - Erro ao extrair dados do filme.
Traceback (most recent call last):
  File "c:\Users\User\Desktop\Cases\TesteETLAissa\src\extract.py", line 19, in extrair_dados_filme
    response.raise_for_status()  # Garante que não houve erro HTTP
    ~~~~~~~~~~~~~~~~~~~~~~~~~^^
  File "C:\Users\User\Desktop\Cases\TesteETLAissa\.venv\Lib\site-packages\requests\models.py", line 1021, in raise_for_status
    raise HTTPError(http_error_msg, response=self)
requests.exceptions.HTTPError: 401 Client Error: Unauthorized for url: http://www.omdbapi.com/?t=The+Godfather&apikey=YOUR_API_KEY
2025-02-11 16:56:34,564 - ERROR - Erro ao extrair dados do filme.
Traceback (most recent call last):
  File "c:\Users\User\Desktop\Cases\TesteETLAissa\src\extract.py", line 19, in extrair_dados_filme
    response.raise_for_status()  # Garante que não houve erro HTTP
    ~~~~~~~~~~~~~~~~~~~~~~~~~^^
  File "C:\Users\User\Desktop\Cases\TesteETLAissa\.venv\Lib\site-packages\requests\models.py", line 1021, in raise_for_status
    raise HTTPError(http_error_msg, response=self)
requests.exceptions.HTTPError: 401 Client Error: Unauthorized for url: http://www.omdbapi.com/?t=Titanic&apikey=YOUR_API_KEY
2025-02-11 16:56:34,565 - ERROR - Não foi possível extrair os dados para 'The Godfather'.
2025-02-11 16:56:34,567 - ERROR - Não foi possível extrair os dados para 'Titanic'.
2025-02-11 16:56:34,567 - INFO - Iniciando o processamento para o filme: Pulp Fiction
2025-02-11 16:56:34,592 - ERROR - Erro ao extrair dados do filme.
Traceback (most recent call last):
  File "c:\Users\User\Desktop\Cases\TesteETLAissa\src\extract.py", line 19, in extrair_dados_filme
    response.raise_for_status()  # Garante que não houve erro HTTP
    ~~~~~~~~~~~~~~~~~~~~~~~~~^^
  File "C:\Users\User\Desktop\Cases\TesteETLAissa\.venv\Lib\site-packages\requests\models.py", line 1021, in raise_for_status
    raise HTTPError(http_error_msg, response=self)
requests.exceptions.HTTPError: 401 Client Error: Unauthorized for url: http://www.omdbapi.com/?t=Avatar&apikey=YOUR_API_KEY
2025-02-11 16:56:34,593 - ERROR - Não foi possível extrair os dados para 'Avatar'.
2025-02-11 16:56:34,594 - ERROR - Erro ao extrair dados do filme.
Traceback (most recent call last):
  File "c:\Users\User\Desktop\Cases\TesteETLAissa\src\extract.py", line 19, in extrair_dados_filme
    response.raise_for_status()  # Garante que não houve erro HTTP
    ~~~~~~~~~~~~~~~~~~~~~~~~~^^
  File "C:\Users\User\Desktop\Cases\TesteETLAissa\.venv\Lib\site-packages\requests\models.py", line 1021, in raise_for_status
    raise HTTPError(http_error_msg, response=self)
requests.exceptions.HTTPError: 401 Client Error: Unauthorized for url: http://www.omdbapi.com/?t=Gladiator&apikey=YOUR_API_KEY
2025-02-11 16:56:34,595 - ERROR - Não foi possível extrair os dados para 'Gladiator'.
2025-02-11 16:56:34,906 - ERROR - Erro ao extrair dados do filme.
Traceback (most recent call last):
  File "c:\Users\User\Desktop\Cases\TesteETLAissa\src\extract.py", line 19, in extrair_dados_filme
    response.raise_for_status()  # Garante que não houve erro HTTP
    ~~~~~~~~~~~~~~~~~~~~~~~~~^^
  File "C:\Users\User\Desktop\Cases\TesteETLAissa\.venv\Lib\site-packages\requests\models.py", line 1021, in raise_for_status
    raise HTTPError(http_error_msg, response=self)
requests.exceptions.HTTPError: 401 Client Error: Unauthorized for url: http://www.omdbapi.com/?t=Pulp+Fiction&apikey=YOUR_API_KEY
2025-02-11 16:56:34,907 - ERROR - Não foi possível extrair os dados para 'Pulp Fiction'.
2025-02-11 16:56:34,908 - INFO - Processo ETL concluído com sucesso.
2025-02-11 16:57:03,393 - INFO - Tabelas criadas com sucesso no banco de dados.
2025-02-11 16:57:03,395 - INFO - Iniciando o processamento para o filme: The Matrix
2025-02-11 16:57:03,395 - INFO - Iniciando o processamento para o filme: Inception
2025-02-11 16:57:03,396 - INFO - Iniciando o processamento para o filme: Interstellar
2025-02-11 16:57:03,399 - INFO - Iniciando o processamento para o filme: Fight Club
2025-02-11 16:57:03,752 - INFO - Dados extraídos para o filme: Interstellar
2025-02-11 16:57:03,760 - INFO - Dados transformados para o filme: Interstellar
2025-02-11 16:57:03,761 - INFO - Iniciando o processamento para o filme: Titanic
2025-02-11 16:57:03,764 - INFO - Dados extraídos para o filme: Inception
2025-02-11 16:57:03,764 - INFO - Dados transformados para o filme: Inception
2025-02-11 16:57:03,765 - INFO - Iniciando o processamento para o filme: Avatar
2025-02-11 16:57:03,783 - INFO - Dados extraídos para o filme: The Matrix
2025-02-11 16:57:03,784 - INFO - Dados transformados para o filme: The Matrix
2025-02-11 16:57:03,784 - INFO - Iniciando o processamento para o filme: Gladiator
2025-02-11 16:57:04,121 - INFO - Dados extraídos para o filme: Titanic
2025-02-11 16:57:04,121 - INFO - Dados transformados para o filme: Titanic
2025-02-11 16:57:04,122 - INFO - Iniciando o processamento para o filme: The Godfather
2025-02-11 16:57:04,132 - INFO - Dados extraídos para o filme: Gladiator
2025-02-11 16:57:04,133 - INFO - Dados transformados para o filme: Gladiator
2025-02-11 16:57:04,134 - INFO - Iniciando o processamento para o filme: Pulp Fiction
2025-02-11 16:57:04,492 - INFO - Dados extraídos para o filme: The Godfather
2025-02-11 16:57:04,492 - INFO - Dados transformados para o filme: The Godfather
2025-02-11 16:57:06,289 - INFO - Dados extraídos para o filme: Fight Club
2025-02-11 16:57:06,290 - INFO - Dados transformados para o filme: Fight Club
2025-02-11 16:57:06,639 - INFO - Dados extraídos para o filme: Avatar
2025-02-11 16:57:06,640 - INFO - Dados transformados para o filme: Avatar
2025-02-11 16:57:07,017 - INFO - Dados extraídos para o filme: Pulp Fiction
2025-02-11 16:57:07,018 - INFO - Dados transformados para o filme: Pulp Fiction
2025-02-11 16:57:07,020 - INFO - Filme 'The Matrix' inserido com o ID 1.
2025-02-11 16:57:07,024 - INFO - Dados carregados com sucesso no banco de dados.
2025-02-11 16:57:07,026 - INFO - Filme 'Inception' inserido com o ID 2.
2025-02-11 16:57:07,034 - INFO - Dados carregados com sucesso no banco de dados.
2025-02-11 16:57:07,035 - INFO - Filme 'Interstellar' inserido com o ID 3.
2025-02-11 16:57:07,041 - INFO - Dados carregados com sucesso no banco de dados.
2025-02-11 16:57:07,042 - INFO - Filme 'Fight Club' inserido com o ID 4.
2025-02-11 16:57:07,047 - INFO - Dados carregados com sucesso no banco de dados.
2025-02-11 16:57:07,048 - INFO - Filme 'Titanic' inserido com o ID 5.
2025-02-11 16:57:07,053 - INFO - Dados carregados com sucesso no banco de dados.
2025-02-11 16:57:07,054 - INFO - Filme 'Avatar' inserido com o ID 6.
2025-02-11 16:57:07,059 - INFO - Dados carregados com sucesso no banco de dados.
2025-02-11 16:57:07,060 - INFO - Filme 'Gladiator' inserido com o ID 7.
2025-02-11 16:57:07,065 - INFO - Dados carregados com sucesso no banco de dados.
2025-02-11 16:57:07,066 - INFO - Filme 'The Godfather' inserido com o ID 8.
2025-02-11 16:57:07,070 - INFO - Dados carregados com sucesso no banco de dados.
2025-02-11 16:57:07,072 - INFO - Filme 'Pulp Fiction' inserido com o ID 9.
2025-02-11 16:57:07,076 - INFO - Dados carregados com sucesso no banco de dados.
2025-02-11 16:57:07,077 - INFO - Processo ETL concluído com sucesso.
2025-02-11 17:17:55,526 - INFO - Tabelas criadas com sucesso no banco de dados.
2025-02-11 17:17:55,528 - INFO - Iniciando o processamento para o filme: The Matrix
2025-02-11 17:17:55,528 - INFO - Iniciando o processamento para o filme: Inception
2025-02-11 17:17:55,529 - INFO - Iniciando o processamento para o filme: Interstellar
2025-02-11 17:17:55,529 - INFO - Iniciando o processamento para o filme: Fight Club
2025-02-11 17:17:55,666 - INFO - Dados extraídos para o filme: Interstellar
2025-02-11 17:17:55,669 - INFO - Dados extraídos para o filme: Fight Club
2025-02-11 17:17:55,669 - INFO - Dados extraídos para o filme: Inception
2025-02-11 17:17:55,670 - INFO - Dados transformados para o filme: Interstellar
2025-02-11 17:17:55,671 - INFO - Dados transformados para o filme: Fight Club
2025-02-11 17:17:55,671 - INFO - Dados transformados para o filme: Inception
2025-02-11 17:17:55,671 - INFO - Iniciando o processamento para o filme: Titanic
2025-02-11 17:17:55,672 - INFO - Iniciando o processamento para o filme: Avatar
2025-02-11 17:17:55,672 - INFO - Iniciando o processamento para o filme: Gladiator
2025-02-11 17:17:55,675 - INFO - Dados extraídos para o filme: The Matrix
2025-02-11 17:17:55,676 - INFO - Dados transformados para o filme: The Matrix
2025-02-11 17:17:55,676 - INFO - Iniciando o processamento para o filme: The Godfather
2025-02-11 17:17:55,734 - INFO - Dados extraídos para o filme: Gladiator
2025-02-11 17:17:55,735 - INFO - Dados transformados para o filme: Gladiator
2025-02-11 17:17:55,735 - INFO - Iniciando o processamento para o filme: Pulp Fiction
2025-02-11 17:17:55,736 - INFO - Dados extraídos para o filme: The Godfather
2025-02-11 17:17:55,737 - INFO - Dados transformados para o filme: The Godfather
2025-02-11 17:17:55,739 - INFO - Dados extraídos para o filme: Avatar
2025-02-11 17:17:55,739 - INFO - Dados transformados para o filme: Avatar
2025-02-11 17:17:55,740 - INFO - Dados extraídos para o filme: Titanic
2025-02-11 17:17:55,740 - INFO - Dados transformados para o filme: Titanic
2025-02-11 17:17:55,798 - INFO - Dados extraídos para o filme: Pulp Fiction
2025-02-11 17:17:55,799 - INFO - Dados transformados para o filme: Pulp Fiction
2025-02-11 17:17:55,801 - INFO - Filme 'The Matrix' com imdb_id tt0133093 possui o ID 1.
2025-02-11 17:17:55,805 - INFO - Dados carregados com sucesso no banco de dados.
2025-02-11 17:17:55,807 - INFO - Filme 'Inception' com imdb_id tt1375666 possui o ID 2.
2025-02-11 17:17:55,812 - INFO - Dados carregados com sucesso no banco de dados.
2025-02-11 17:17:55,813 - INFO - Filme 'Interstellar' com imdb_id tt0816692 possui o ID 3.
2025-02-11 17:17:55,818 - INFO - Dados carregados com sucesso no banco de dados.
2025-02-11 17:17:55,819 - INFO - Filme 'Fight Club' com imdb_id tt0137523 possui o ID 4.
2025-02-11 17:17:55,824 - INFO - Dados carregados com sucesso no banco de dados.
2025-02-11 17:17:55,825 - INFO - Filme 'Titanic' com imdb_id tt0120338 possui o ID 5.
2025-02-11 17:17:55,830 - INFO - Dados carregados com sucesso no banco de dados.
2025-02-11 17:17:55,831 - INFO - Filme 'Avatar' com imdb_id tt0499549 possui o ID 6.
2025-02-11 17:17:55,836 - INFO - Dados carregados com sucesso no banco de dados.
2025-02-11 17:17:55,837 - INFO - Filme 'Gladiator' com imdb_id tt0172495 possui o ID 7.
2025-02-11 17:17:55,842 - INFO - Dados carregados com sucesso no banco de dados.
2025-02-11 17:17:55,843 - INFO - Filme 'The Godfather' com imdb_id tt0068646 possui o ID 8.
2025-02-11 17:17:55,848 - INFO - Dados carregados com sucesso no banco de dados.
2025-02-11 17:17:55,849 - INFO - Filme 'Pulp Fiction' com imdb_id tt0110912 possui o ID 9.
2025-02-11 17:17:55,854 - INFO - Dados carregados com sucesso no banco de dados.
2025-02-11 17:17:55,854 - INFO - Processo ETL concluído com sucesso.
2025-02-11 19:02:15,123 - INFO - Tabelas criadas com sucesso no banco de dados.
2025-02-11 19:02:15,127 - INFO - Iniciando o processamento para o filme: The Matrix
2025-02-11 19:02:15,127 - INFO - Iniciando o processamento para o filme: Inception
2025-02-11 19:02:15,127 - INFO - Iniciando o processamento para o filme: Interstellar
2025-02-11 19:02:15,128 - INFO - Iniciando o processamento para o filme: Fight Club
2025-02-11 19:02:15,252 - INFO - Dados extraídos para o filme: Inception
2025-02-11 19:02:15,253 - INFO - Dados extraídos para o filme: The Matrix
2025-02-11 19:02:15,254 - INFO - Dados extraídos para o filme: Interstellar
2025-02-11 19:02:15,256 - INFO - Dados extraídos para o filme: Fight Club
2025-02-11 19:02:15,259 - INFO - Dados transformados para o filme: Inception
2025-02-11 19:02:15,259 - INFO - Dados transformados para o filme: The Matrix
2025-02-11 19:02:15,259 - INFO - Dados transformados para o filme: Interstellar
2025-02-11 19:02:15,259 - INFO - Iniciando o processamento para o filme: Titanic
2025-02-11 19:02:15,259 - INFO - Dados transformados para o filme: Fight Club
2025-02-11 19:02:15,259 - INFO - Iniciando o processamento para o filme: Avatar
2025-02-11 19:02:15,260 - INFO - Iniciando o processamento para o filme: Gladiator
2025-02-11 19:02:15,260 - INFO - Iniciando o processamento para o filme: The Godfather
2025-02-11 19:02:15,321 - INFO - Dados extraídos para o filme: The Godfather
2025-02-11 19:02:15,321 - INFO - Dados transformados para o filme: The Godfather
2025-02-11 19:02:15,322 - INFO - Iniciando o processamento para o filme: Pulp Fiction
2025-02-11 19:02:15,325 - INFO - Dados extraídos para o filme: Avatar
2025-02-11 19:02:15,326 - INFO - Dados transformados para o filme: Avatar
2025-02-11 19:02:15,329 - INFO - Dados extraídos para o filme: Titanic
2025-02-11 19:02:15,329 - INFO - Dados transformados para o filme: Titanic
2025-02-11 19:02:15,358 - INFO - Dados extraídos para o filme: Gladiator
2025-02-11 19:02:15,359 - INFO - Dados transformados para o filme: Gladiator
2025-02-11 19:02:15,382 - INFO - Dados extraídos para o filme: Pulp Fiction
2025-02-11 19:02:15,383 - INFO - Dados transformados para o filme: Pulp Fiction
2025-02-11 19:02:15,384 - INFO - Filme 'The Matrix' com imdb_id tt0133093 possui o ID 1.
2025-02-11 19:02:15,389 - INFO - Dados carregados com sucesso no banco de dados.
2025-02-11 19:02:15,391 - INFO - Filme 'Inception' com imdb_id tt1375666 possui o ID 2.
2025-02-11 19:02:15,396 - INFO - Dados carregados com sucesso no banco de dados.
2025-02-11 19:02:15,397 - INFO - Filme 'Interstellar' com imdb_id tt0816692 possui o ID 3.
2025-02-11 19:02:15,402 - INFO - Dados carregados com sucesso no banco de dados.
2025-02-11 19:02:15,403 - INFO - Filme 'Fight Club' com imdb_id tt0137523 possui o ID 4.
2025-02-11 19:02:15,408 - INFO - Dados carregados com sucesso no banco de dados.
2025-02-11 19:02:15,410 - INFO - Filme 'Titanic' com imdb_id tt0120338 possui o ID 5.
2025-02-11 19:02:15,431 - INFO - Dados carregados com sucesso no banco de dados.
2025-02-11 19:02:15,433 - INFO - Filme 'Avatar' com imdb_id tt0499549 possui o ID 6.
2025-02-11 19:02:15,439 - INFO - Dados carregados com sucesso no banco de dados.
2025-02-11 19:02:15,440 - INFO - Filme 'Gladiator' com imdb_id tt0172495 possui o ID 7.
2025-02-11 19:02:15,445 - INFO - Dados carregados com sucesso no banco de dados.
2025-02-11 19:02:15,447 - INFO - Filme 'The Godfather' com imdb_id tt0068646 possui o ID 8.
2025-02-11 19:02:15,452 - INFO - Dados carregados com sucesso no banco de dados.
2025-02-11 19:02:15,453 - INFO - Filme 'Pulp Fiction' com imdb_id tt0110912 possui o ID 9.
2025-02-11 19:02:15,458 - INFO - Dados carregados com sucesso no banco de dados.
2025-02-11 19:02:15,458 - INFO - Processo ETL concluído com sucesso.
2025-02-11 19:03:05,195 - INFO - Tabelas criadas com sucesso no banco de dados.
2025-02-11 19:03:05,197 - INFO - Iniciando o processamento para o filme: The Matrix
2025-02-11 19:03:05,197 - INFO - Iniciando o processamento para o filme: Inception
2025-02-11 19:03:05,198 - INFO - Iniciando o processamento para o filme: Interstellar
2025-02-11 19:03:05,201 - INFO - Iniciando o processamento para o filme: Fight Club
2025-02-11 19:03:05,269 - INFO - Dados extraídos para o filme: The Matrix
2025-02-11 19:03:05,270 - INFO - Dados transformados para o filme: The Matrix
2025-02-11 19:03:05,271 - INFO - Dados extraídos para o filme: Interstellar
2025-02-11 19:03:05,271 - INFO - Dados extraídos para o filme: Fight Club
2025-02-11 19:03:05,272 - INFO - Iniciando o processamento para o filme: Titanic
2025-02-11 19:03:05,272 - INFO - Dados transformados para o filme: Interstellar
2025-02-11 19:03:05,272 - INFO - Dados transformados para o filme: Fight Club
2025-02-11 19:03:05,273 - INFO - Iniciando o processamento para o filme: Avatar
2025-02-11 19:03:05,273 - INFO - Iniciando o processamento para o filme: Gladiator
2025-02-11 19:03:05,279 - INFO - Dados extraídos para o filme: Inception
2025-02-11 19:03:05,280 - INFO - Dados transformados para o filme: Inception
2025-02-11 19:03:05,280 - INFO - Iniciando o processamento para o filme: The Godfather
2025-02-11 19:03:05,340 - INFO - Dados extraídos para o filme: Avatar
2025-02-11 19:03:05,340 - INFO - Dados transformados para o filme: Avatar
2025-02-11 19:03:05,340 - INFO - Iniciando o processamento para o filme: Pulp Fiction
2025-02-11 19:03:05,341 - INFO - Dados extraídos para o filme: Titanic
2025-02-11 19:03:05,342 - INFO - Dados transformados para o filme: Titanic
2025-02-11 19:03:05,342 - INFO - Iniciando o processamento para o filme: Batman Begins
2025-02-11 19:03:05,361 - INFO - Dados extraídos para o filme: Gladiator
2025-02-11 19:03:05,362 - INFO - Dados transformados para o filme: Gladiator
2025-02-11 19:03:05,385 - INFO - Dados extraídos para o filme: The Godfather
2025-02-11 19:03:05,385 - INFO - Dados transformados para o filme: The Godfather
2025-02-11 19:03:05,401 - INFO - Dados extraídos para o filme: Pulp Fiction
2025-02-11 19:03:05,402 - INFO - Dados transformados para o filme: Pulp Fiction
2025-02-11 19:03:05,703 - INFO - Dados extraídos para o filme: Batman Begins
2025-02-11 19:03:05,704 - INFO - Dados transformados para o filme: Batman Begins
2025-02-11 19:03:05,707 - INFO - Filme 'The Matrix' com imdb_id tt0133093 possui o ID 1.
2025-02-11 19:03:05,714 - INFO - Dados carregados com sucesso no banco de dados.
2025-02-11 19:03:05,716 - INFO - Filme 'Inception' com imdb_id tt1375666 possui o ID 2.
2025-02-11 19:03:05,721 - INFO - Dados carregados com sucesso no banco de dados.
2025-02-11 19:03:05,722 - INFO - Filme 'Interstellar' com imdb_id tt0816692 possui o ID 3.
2025-02-11 19:03:05,727 - INFO - Dados carregados com sucesso no banco de dados.
2025-02-11 19:03:05,728 - INFO - Filme 'Fight Club' com imdb_id tt0137523 possui o ID 4.
2025-02-11 19:03:05,733 - INFO - Dados carregados com sucesso no banco de dados.
2025-02-11 19:03:05,734 - INFO - Filme 'Titanic' com imdb_id tt0120338 possui o ID 5.
2025-02-11 19:03:05,739 - INFO - Dados carregados com sucesso no banco de dados.
2025-02-11 19:03:05,740 - INFO - Filme 'Avatar' com imdb_id tt0499549 possui o ID 6.
2025-02-11 19:03:05,745 - INFO - Dados carregados com sucesso no banco de dados.
2025-02-11 19:03:05,746 - INFO - Filme 'Gladiator' com imdb_id tt0172495 possui o ID 7.
2025-02-11 19:03:05,751 - INFO - Dados carregados com sucesso no banco de dados.
2025-02-11 19:03:05,752 - INFO - Filme 'The Godfather' com imdb_id tt0068646 possui o ID 8.
2025-02-11 19:03:05,771 - INFO - Dados carregados com sucesso no banco de dados.
2025-02-11 19:03:05,772 - INFO - Filme 'Pulp Fiction' com imdb_id tt0110912 possui o ID 9.
2025-02-11 19:03:05,777 - INFO - Dados carregados com sucesso no banco de dados.
2025-02-11 19:03:05,779 - INFO - Filme 'Batman Begins' com imdb_id tt0372784 possui o ID 28.
2025-02-11 19:03:05,783 - INFO - Dados carregados com sucesso no banco de dados.
2025-02-11 19:03:05,784 - INFO - Processo ETL concluído com sucesso.
2025-02-11 19:04:23,219 - INFO - Tabelas criadas com sucesso no banco de dados.
2025-02-11 19:04:23,221 - INFO - Iniciando o processamento para o filme: The Matrix
2025-02-11 19:04:23,222 - INFO - Iniciando o processamento para o filme: Inception
2025-02-11 19:04:23,223 - INFO - Iniciando o processamento para o filme: Interstellar
2025-02-11 19:04:23,223 - INFO - Iniciando o processamento para o filme: Fight Club
2025-02-11 19:04:23,294 - INFO - Dados extraídos para o filme: Fight Club
2025-02-11 19:04:23,295 - INFO - Dados extraídos para o filme: Inception
2025-02-11 19:04:23,297 - INFO - Dados transformados para o filme: Fight Club
2025-02-11 19:04:23,297 - INFO - Dados transformados para o filme: Inception
2025-02-11 19:04:23,297 - INFO - Iniciando o processamento para o filme: Titanic
2025-02-11 19:04:23,297 - INFO - Iniciando o processamento para o filme: Avatar
2025-02-11 19:04:23,302 - INFO - Dados extraídos para o filme: Interstellar
2025-02-11 19:04:23,303 - INFO - Dados transformados para o filme: Interstellar
2025-02-11 19:04:23,303 - INFO - Iniciando o processamento para o filme: Gladiator
2025-02-11 19:04:23,308 - INFO - Dados extraídos para o filme: The Matrix
2025-02-11 19:04:23,309 - INFO - Dados transformados para o filme: The Matrix
2025-02-11 19:04:23,309 - INFO - Iniciando o processamento para o filme: The Godfather
2025-02-11 19:04:23,357 - INFO - Dados extraídos para o filme: Titanic
2025-02-11 19:04:23,358 - INFO - Dados transformados para o filme: Titanic
2025-02-11 19:04:23,358 - INFO - Iniciando o processamento para o filme: Pulp Fiction
2025-02-11 19:04:23,360 - INFO - Dados extraídos para o filme: Avatar
2025-02-11 19:04:23,360 - INFO - Dados transformados para o filme: Avatar
2025-02-11 19:04:23,360 - INFO - Iniciando o processamento para o filme: Batman Begins
2025-02-11 19:04:23,365 - INFO - Dados extraídos para o filme: Gladiator
2025-02-11 19:04:23,366 - INFO - Dados transformados para o filme: Gladiator
2025-02-11 19:04:23,374 - INFO - Dados extraídos para o filme: The Godfather
2025-02-11 19:04:23,375 - INFO - Dados transformados para o filme: The Godfather
2025-02-11 19:04:23,417 - INFO - Dados extraídos para o filme: Batman Begins
2025-02-11 19:04:23,417 - INFO - Dados transformados para o filme: Batman Begins
2025-02-11 19:04:23,458 - INFO - Dados extraídos para o filme: Pulp Fiction
2025-02-11 19:04:23,458 - INFO - Dados transformados para o filme: Pulp Fiction
2025-02-11 19:04:23,464 - INFO - Filme 'The Matrix' com imdb_id tt0133093 possui o ID 1.
2025-02-11 19:04:23,471 - INFO - Dados carregados com sucesso no banco de dados.
2025-02-11 19:04:23,472 - INFO - Filme 'Inception' com imdb_id tt1375666 possui o ID 2.
2025-02-11 19:04:23,477 - INFO - Dados carregados com sucesso no banco de dados.
2025-02-11 19:04:23,478 - INFO - Filme 'Interstellar' com imdb_id tt0816692 possui o ID 3.
2025-02-11 19:04:23,506 - INFO - Dados carregados com sucesso no banco de dados.
2025-02-11 19:04:23,507 - INFO - Filme 'Fight Club' com imdb_id tt0137523 possui o ID 4.
2025-02-11 19:04:23,513 - INFO - Dados carregados com sucesso no banco de dados.
2025-02-11 19:04:23,515 - INFO - Filme 'Titanic' com imdb_id tt0120338 possui o ID 5.
2025-02-11 19:04:23,521 - INFO - Dados carregados com sucesso no banco de dados.
2025-02-11 19:04:23,523 - INFO - Filme 'Avatar' com imdb_id tt0499549 possui o ID 6.
2025-02-11 19:04:23,528 - INFO - Dados carregados com sucesso no banco de dados.
2025-02-11 19:04:23,529 - INFO - Filme 'Gladiator' com imdb_id tt0172495 possui o ID 7.
2025-02-11 19:04:23,534 - INFO - Dados carregados com sucesso no banco de dados.
2025-02-11 19:04:23,535 - INFO - Filme 'The Godfather' com imdb_id tt0068646 possui o ID 8.
2025-02-11 19:04:23,540 - INFO - Dados carregados com sucesso no banco de dados.
2025-02-11 19:04:23,541 - INFO - Filme 'Pulp Fiction' com imdb_id tt0110912 possui o ID 9.
2025-02-11 19:04:23,546 - INFO - Dados carregados com sucesso no banco de dados.
2025-02-11 19:04:23,547 - INFO - Filme 'Batman Begins' com imdb_id tt0372784 possui o ID 28.
2025-02-11 19:04:23,551 - INFO - Dados carregados com sucesso no banco de dados.
2025-02-11 19:04:23,552 - INFO - Processo ETL concluído com sucesso.
2025-02-11 19:04:42,481 - INFO - Tabelas criadas com sucesso no banco de dados.
2025-02-11 19:04:42,483 - INFO - Iniciando o processamento para o filme: The Matrix
2025-02-11 19:04:42,484 - INFO - Iniciando o processamento para o filme: Inception
2025-02-11 19:04:42,485 - INFO - Iniciando o processamento para o filme: Interstellar
2025-02-11 19:04:42,486 - INFO - Iniciando o processamento para o filme: Fight Club
2025-02-11 19:04:42,554 - INFO - Dados extraídos para o filme: Inception
2025-02-11 19:04:42,555 - INFO - Dados extraídos para o filme: Fight Club
2025-02-11 19:04:42,557 - INFO - Dados transformados para o filme: Inception
2025-02-11 19:04:42,557 - INFO - Dados transformados para o filme: Fight Club
2025-02-11 19:04:42,557 - INFO - Iniciando o processamento para o filme: Titanic
2025-02-11 19:04:42,558 - INFO - Iniciando o processamento para o filme: Avatar
2025-02-11 19:04:42,563 - INFO - Dados extraídos para o filme: The Matrix
2025-02-11 19:04:42,563 - INFO - Dados transformados para o filme: The Matrix
2025-02-11 19:04:42,564 - INFO - Iniciando o processamento para o filme: Gladiator
2025-02-11 19:04:42,571 - INFO - Dados extraídos para o filme: Interstellar
2025-02-11 19:04:42,571 - INFO - Dados transformados para o filme: Interstellar
2025-02-11 19:04:42,572 - INFO - Iniciando o processamento para o filme: The Godfather
2025-02-11 19:04:42,635 - INFO - Dados extraídos para o filme: Gladiator
2025-02-11 19:04:42,636 - INFO - Dados transformados para o filme: Gladiator
2025-02-11 19:04:42,637 - INFO - Dados extraídos para o filme: The Godfather
2025-02-11 19:04:42,637 - INFO - Dados extraídos para o filme: Titanic
2025-02-11 19:04:42,637 - INFO - Dados extraídos para o filme: Avatar
2025-02-11 19:04:42,637 - INFO - Iniciando o processamento para o filme: Pulp Fiction
2025-02-11 19:04:42,637 - INFO - Dados transformados para o filme: The Godfather
2025-02-11 19:04:42,638 - INFO - Dados transformados para o filme: Titanic
2025-02-11 19:04:42,638 - INFO - Dados transformados para o filme: Avatar
2025-02-11 19:04:42,638 - INFO - Iniciando o processamento para o filme: Batman Begins
2025-02-11 19:04:42,639 - INFO - Iniciando o processamento para o filme: Superman
2025-02-11 19:04:42,696 - INFO - Dados extraídos para o filme: Batman Begins
2025-02-11 19:04:42,696 - INFO - Dados transformados para o filme: Batman Begins
2025-02-11 19:04:42,729 - INFO - Dados extraídos para o filme: Pulp Fiction
2025-02-11 19:04:42,729 - INFO - Dados transformados para o filme: Pulp Fiction
2025-02-11 19:04:42,991 - INFO - Dados extraídos para o filme: Superman
2025-02-11 19:04:42,992 - INFO - Dados transformados para o filme: Superman
2025-02-11 19:04:42,994 - INFO - Filme 'The Matrix' com imdb_id tt0133093 possui o ID 1.
2025-02-11 19:04:43,011 - INFO - Dados carregados com sucesso no banco de dados.
2025-02-11 19:04:43,013 - INFO - Filme 'Inception' com imdb_id tt1375666 possui o ID 2.
2025-02-11 19:04:43,019 - INFO - Dados carregados com sucesso no banco de dados.
2025-02-11 19:04:43,021 - INFO - Filme 'Interstellar' com imdb_id tt0816692 possui o ID 3.
2025-02-11 19:04:43,026 - INFO - Dados carregados com sucesso no banco de dados.
2025-02-11 19:04:43,027 - INFO - Filme 'Fight Club' com imdb_id tt0137523 possui o ID 4.
2025-02-11 19:04:43,032 - INFO - Dados carregados com sucesso no banco de dados.
2025-02-11 19:04:43,033 - INFO - Filme 'Titanic' com imdb_id tt0120338 possui o ID 5.
2025-02-11 19:04:43,038 - INFO - Dados carregados com sucesso no banco de dados.
2025-02-11 19:04:43,039 - INFO - Filme 'Avatar' com imdb_id tt0499549 possui o ID 6.
2025-02-11 19:04:43,044 - INFO - Dados carregados com sucesso no banco de dados.
2025-02-11 19:04:43,045 - INFO - Filme 'Gladiator' com imdb_id tt0172495 possui o ID 7.
2025-02-11 19:04:43,050 - INFO - Dados carregados com sucesso no banco de dados.
2025-02-11 19:04:43,051 - INFO - Filme 'The Godfather' com imdb_id tt0068646 possui o ID 8.
2025-02-11 19:04:43,055 - INFO - Dados carregados com sucesso no banco de dados.
2025-02-11 19:04:43,056 - INFO - Filme 'Pulp Fiction' com imdb_id tt0110912 possui o ID 9.
2025-02-11 19:04:43,068 - INFO - Dados carregados com sucesso no banco de dados.
2025-02-11 19:04:43,069 - INFO - Filme 'Batman Begins' com imdb_id tt0372784 possui o ID 28.
2025-02-11 19:04:43,074 - INFO - Dados carregados com sucesso no banco de dados.
2025-02-11 19:04:43,075 - INFO - Filme 'Superman' com imdb_id tt0078346 possui o ID 49.
2025-02-11 19:04:43,080 - INFO - Dados carregados com sucesso no banco de dados.
2025-02-11 19:04:43,080 - INFO - Processo ETL concluído com sucesso.
